tests/addw.test.s:2
R11 = 0
R12 = 4294967296
R13 = -1
R14 = -1
R9 = 0
R18 = 4294967296
R19 = -1
R20 = -1
