tests/andi.test.s:2
R3 = 0
R4 = 0
R5 = 0
R6 = 0
R7 = 0
