tests/branching.test.s:79
R10 = 10
R11 = 12
R6 = 0
