tests/branching.test.s:181
R10 = 10
R11 = 10
R6 = 0
