tests/branching.test.s:127
R10 = 10
R11 = 12
R6 = 0
