tests/branching.test.s:34
R10 = 10
R11 = 10
R12 = 20
R6 = 101
R7 = 22
R28 = 33
R29 = 44
