R13 = 10
R14 = 20
R6 = 11
R7 = 102
R28 = 103
R29 = 104
