tests/branching.test.s:262
R8 = 0
R9 = 1
R18 = 1
R19 = 2
R20 = 3
R21 = 5
