tests/branching.test.s:226
R10 = 10
R11 = 10
R6 = 0
