tests/branching.test.s:170
R10 = 10
R11 = 12
R6 = 1
