tests/branching.test.s:97
R10 = 10
R11 = 9
R6 = 1
