tests/branching.test.s:143
R10 = 10
R11 = 9
R6 = 1
