tests/branching.test.s:134
R10 = 10
R11 = 10
R6 = 1
