tests/branching.test.s:70
R10 = -10
R12 = -20
R28 = 103
