R3 = 124
R4 = 1152921504606846976
R5 = 9223372036854775808
R6 = 63
