tests/loads.test.s:39
R11 = -7
R12 = 4294967289
R13 = 65529
R14 = 249
R15 = 18446744073709551609
R16 = 18446744073709551609
R17 = 18446744073709551609
