tests/loads.test.s:25
R11 = 10
R12 = 10
R13 = 10
R14 = 10
R15 = 10
R16 = 10
R17 = 10
