R10 = 16045690984833335023
R11 = 16045690984833335023
R12 = 3735928559
R13 = 48879
R14 = 239
R15 = 18446744073150512879
R16 = 18446744073709534959
R17 = 18446744073709551599
