tests/lui.test.s:39
pc = 80
R11 = 18446744073709547520
R12 = 18446744073709549567
