tests/lui.test.s:30
pc = 80
R11 = 18446744073429688320
R12 = 18446744073429689448
