tests/lui.test.s:22
pc = 65448
R11 = 18446744073429688320
