tests/lui.test.s:14
pc = 65448
R11 = 18446744073429688320
