tests/lui.test.s:7
R11 = 2136055808
R12 = 2136056936
