tests/mul.test.s:2
R5 = -1
R6 = 1
R7 = 48272770088149793
R28 = 48272770088149793
R29 = 1
R8 = 0
R9 = 0
R18 = 68105272570127
R19 = 68105272570127
R20 = 0
