R5 = -1
R6 = 1
R7 = 48272770088149793
R28 = 48272770088149793
