tests/mul.test.s:48
R5 = -1
R6 = 1
R7 = -35093223738
R28 = 35093223738
R29 = 0
R30 = -1
R8 = 0
R9 = 0
R18 = -903901
R19 = -903901
R20 = -1
R21 = 102984
