tests/pipeline.test.s:43
R8 = 420
R9 = 3072
R18 = 420
R19 = 69
R20 = 489
