tests/pipeline.test.s:32
R8 = 2048
R9 = 2048
R18 = 2048
R19 = 69
R20 = 69
