tests/register_read_write.test.s:2
R0 = 0
R1 = 22
R3 = 44
R5 = 99
R31 = 22
R15 = 18446744073709534959
