tests/slti.test.s:1
R2 = 0
R3 = 0
R4 = 1
R5 = 1
R6 = 1
R7 = 0
