tests/sltu.test.s:1
R2 = 0
R3 = 1
R4 = 1
R5 = 1
R6 = 0
R7 = 0
