tests/sra.test.s:50
R1 = 13835058055282163712
R2 = 63
