tests/sra.test.s:33
R1 = 0
R2 = 1
R3 = 1
R4 = 2
R5 = 2
R6 = 3
R7 = 3
R8 = 4
R9 = 4
R10 = 5
