R1 = 0
R2 = 7
R3 = 8
R4 = 15
R5 = 15
R6 = 22
R7 = 2
