tests/sra.test.s:1
R1 = 18446744073709551615
R2 = 63
