tests/store.test.s:22
R10 = 255
R11 = 255
R12 = 255
R13 = 255
R14 = 255
