tests/store.test.s:2
R10 = 16045690984833335023
R11 = 16045690984833335023
R12 = 3735928559
R13 = 48879
R14 = 239
