tests/store.test.s:44
R10 = 4099
R11 = 4099
R12 = 4099
R13 = 4099
R14 = 3
