R3 = 0
R4 = 0
R5 = 1
R7 = 2147483647
R8 = 2147483648
R9 = 0
