tests/xori.test.s:1
R3 = 0
R4 = 0
R5 = 1
R7 = 1050
R9 = 1
